
 Start  Stop   Length Name               Class

 00000H 0CADDH 0CADEH _TEXT              CODE
 0CAE0H 0CAE0H 00000H _FARDATA           FAR_DATA
 0CAE0H 0CAE0H 00000H _OVERLAY_          OVRINFO
 0CAE0H 0CAEBH 0000CH _INIT_             INITDATA
 0CAECH 0CAECH 00000H _INITEND_          INITDATA
 0CAECH 0CAECH 00000H _EXIT_             EXITDATA
 0CAECH 0CAECH 00000H _EXITEND_          EXITDATA
 0CAF0H 0CAF0H 00000H _1STUB_            STUBSEG
 0CAF0H 14C29H 0813AH _DATA              DATA
 14C2AH 14C2AH 00000H _CVTSEG            DATA
 14C2AH 14C2AH 00000H _SCNSEG            DATA
 14C2AH 14C7DH 00054H _BSS               BSS
 14C7EH 14C7EH 00000H _BSSEND            ENDBSS
 14C80H 14CFFH 00080H _STACK             STACK


Detailed map of segments

 0000:0000 0239 C=CODE   S=_TEXT          G=(none)  M=c0.ASM     ACBP=28
 0000:0239 ABE1 C=CODE   S=_TEXT          G=(none)  M=__cmplr.asm ACBP=28
 0000:AE1A 0035 C=CODE   S=_TEXT          G=(none)  M=ACCESS     ACBP=28
 0000:AE4F 0024 C=CODE   S=_TEXT          G=(none)  M=ATEXIT     ACBP=28
 0000:AE73 002B C=CODE   S=_TEXT          G=(none)  M=CLOSE      ACBP=28
 0000:AE9E 0000 C=CODE   S=_TEXT          G=(none)  M=CTYPE      ACBP=28
 0000:AE9E 0024 C=CODE   S=_TEXT          G=(none)  M=EXIT       ACBP=28
 0000:AEC2 0078 C=CODE   S=_TEXT          G=(none)  M=FCLOSE     ACBP=28
 0000:AF3A 0082 C=CODE   S=_TEXT          G=(none)  M=FFLUSH     ACBP=28
 0000:AFBC 0000 C=CODE   S=_TEXT          G=(none)  M=FILES      ACBP=28
 0000:AFBC 0000 C=CODE   S=_TEXT          G=(none)  M=FILES2     ACBP=28
 0000:AFBC 0036 C=CODE   S=_TEXT          G=(none)  M=FLUSHALL   ACBP=28
 0000:AFF2 0000 C=CODE   S=_TEXT          G=(none)  M=FMODE      ACBP=28
 0000:AFF2 01DC C=CODE   S=_TEXT          G=(none)  M=FOPEN      ACBP=28
 0000:B1CE 0109 C=CODE   S=_TEXT          G=(none)  M=FSEEK      ACBP=28
 0000:B2D7 0000 C=CODE   S=_TEXT          G=(none)  M=HEAPLEN    ACBP=28
 0000:B2D7 0017 C=CODE   S=_TEXT          G=(none)  M=PRINTF     ACBP=28
 0000:B2EE 025D C=CODE   S=_TEXT          G=(none)  M=PUTC       ACBP=28
 0000:B54B 0069 C=CODE   S=_TEXT          G=(none)  M=SETUPIO    ACBP=28
 0000:B5B4 00CC C=CODE   S=_TEXT          G=(none)  M=SETVBUF    ACBP=28
 0000:B680 0000 C=CODE   S=_TEXT          G=(none)  M=STKLEN     ACBP=28
 0000:B680 0018 C=CODE   S=_TEXT          G=(none)  M=TELL       ACBP=28
 0000:B698 0079 C=CODE   S=_TEXT          G=(none)  M=TMPNAM     ACBP=28
 0000:B711 00F3 C=CODE   S=_TEXT          G=(none)  M=WRITE      ACBP=28
 0000:B804 0021 C=CODE   S=_TEXT          G=(none)  M=XFCLOSE    ACBP=28
 0000:B825 0021 C=CODE   S=_TEXT          G=(none)  M=XFFLUSH    ACBP=28
 0000:B846 007C C=CODE   S=_TEXT          G=(none)  M=ATOL       ACBP=28
 0000:B8C2 006F C=CODE   S=_TEXT          G=(none)  M=BRK        ACBP=28
 0000:B931 001B C=CODE   S=_TEXT          G=(none)  M=CHMODA     ACBP=28
 0000:B94C 001E C=CODE   S=_TEXT          G=(none)  M=CLOSEA     ACBP=28
 0000:B96A 0068 C=CODE   S=_TEXT          G=(none)  M=EOF        ACBP=28
 0000:B9D2 0145 C=CODE   S=_TEXT          G=(none)  M=GETC       ACBP=28
 0000:BB17 0027 C=CODE   S=_TEXT          G=(none)  M=IOCTL      ACBP=28
 0000:BB3E 003D C=CODE   S=_TEXT          G=(none)  M=IOERROR    ACBP=28
 0000:BB7B 019B C=CODE   S=_TEXT          G=(none)  M=IS         ACBP=28
 0000:BD16 0011 C=CODE   S=_TEXT          G=(none)  M=ISATTY     ACBP=28
 0000:BD27 0029 C=CODE   S=_TEXT          G=(none)  M=LSEEK      ACBP=28
 0000:BD50 00E3 C=CODE   S=_TEXT          G=(none)  M=LTOA       ACBP=28
 0000:BE33 0021 C=CODE   S=_TEXT          G=(none)  M=MEMCPY     ACBP=28
 0000:BE54 0062 C=CODE   S=_TEXT          G=(none)  M=MOVMEM     ACBP=28
 0000:BEB6 0158 C=CODE   S=_TEXT          G=(none)  M=OPEN       ACBP=28
 0000:C00E 004C C=CODE   S=_TEXT          G=(none)  M=OPENA      ACBP=28
 0000:C05A 00B5 C=CODE   S=_TEXT          G=(none)  M=READ       ACBP=28
 0000:C10F 001A C=CODE   S=_TEXT          G=(none)  M=READA      ACBP=28
 0000:C129 0039 C=CODE   S=_TEXT          G=(none)  M=STRCAT     ACBP=28
 0000:C162 0036 C=CODE   S=_TEXT          G=(none)  M=STRCHR     ACBP=28
 0000:C198 002F C=CODE   S=_TEXT          G=(none)  M=STRCMP     ACBP=28
 0000:C1C7 0024 C=CODE   S=_TEXT          G=(none)  M=STRCPY     ACBP=28
 0000:C1EB 001A C=CODE   S=_TEXT          G=(none)  M=STRLEN     ACBP=28
 0000:C205 0016 C=CODE   S=_TEXT          G=(none)  M=UNLINK     ACBP=28
 0000:C21B 04DF C=CODE   S=_TEXT          G=(none)  M=VPRINTER   ACBP=28
 0000:C6FA 0047 C=CODE   S=_TEXT          G=(none)  M=WRITEA     ACBP=28
 0000:C750 0277 C=CODE   S=_TEXT          G=(none)  M=NEARHEAP   ACBP=68
 0000:C9C7 0004 C=CODE   S=_TEXT          G=(none)  M=REALCVT    ACBP=28
 0000:C9CB 0113 C=CODE   S=_TEXT          G=(none)  M=SETARGV    ACBP=28
 0CAE:0000 0000 C=FAR_DATA S=_FARDATA       G=(none)  M=c0.ASM     ACBP=68
 0CAE:0000 0000 C=OVRINFO S=_OVERLAY_      G=(none)  M=c0.ASM     ACBP=68
 0CAE:0000 0000 C=INITDATA S=_INIT_         G=IGROUP  M=c0.ASM     ACBP=48
 0CAE:0000 0006 C=INITDATA S=_INIT_         G=IGROUP  M=SETUPIO    ACBP=48
 0CAE:0006 0006 C=INITDATA S=_INIT_         G=IGROUP  M=SETARGV    ACBP=48
 0CAE:000C 0000 C=INITDATA S=_INITEND_      G=IGROUP  M=c0.ASM     ACBP=28
 0CAE:000C 0000 C=EXITDATA S=_EXIT_         G=EGROUP  M=c0.ASM     ACBP=48
 0CAE:000C 0000 C=EXITDATA S=_EXITEND_      G=EGROUP  M=c0.ASM     ACBP=28
 0CAF:0000 0000 C=STUBSEG S=_1STUB_        G=(none)  M=c0.ASM     ACBP=68
 0CAF:0000 00A8 C=DATA   S=_DATA          G=DGROUP  M=c0.ASM     ACBP=68
 0CAF:00A8 7D30 C=DATA   S=_DATA          G=DGROUP  M=__cmplr.asm ACBP=28
 0CAF:7DD8 0000 C=DATA   S=_DATA          G=DGROUP  M=ACCESS     ACBP=48
 0CAF:7DD8 0002 C=DATA   S=_DATA          G=DGROUP  M=ATEXIT     ACBP=48
 0CAF:7DDA 0000 C=DATA   S=_DATA          G=DGROUP  M=CLOSE      ACBP=48
 0CAF:7DDA 0101 C=DATA   S=_DATA          G=DGROUP  M=CTYPE      ACBP=48
 0CAF:7EDC 0006 C=DATA   S=_DATA          G=DGROUP  M=EXIT       ACBP=48
 0CAF:7EE2 0000 C=DATA   S=_DATA          G=DGROUP  M=FCLOSE     ACBP=48
 0CAF:7EE2 0000 C=DATA   S=_DATA          G=DGROUP  M=FFLUSH     ACBP=48
 0CAF:7EE2 0140 C=DATA   S=_DATA          G=DGROUP  M=FILES      ACBP=48
 0CAF:8022 0028 C=DATA   S=_DATA          G=DGROUP  M=FILES2     ACBP=48
 0CAF:804A 0000 C=DATA   S=_DATA          G=DGROUP  M=FLUSHALL   ACBP=48
 0CAF:804A 0004 C=DATA   S=_DATA          G=DGROUP  M=FMODE      ACBP=48
 0CAF:804E 0000 C=DATA   S=_DATA          G=DGROUP  M=FOPEN      ACBP=48
 0CAF:804E 0000 C=DATA   S=_DATA          G=DGROUP  M=FSEEK      ACBP=48
 0CAF:804E 0002 C=DATA   S=_DATA          G=DGROUP  M=HEAPLEN    ACBP=48
 0CAF:8050 0000 C=DATA   S=_DATA          G=DGROUP  M=PRINTF     ACBP=48
 0CAF:8050 0001 C=DATA   S=_DATA          G=DGROUP  M=PUTC       ACBP=48
 0CAF:8052 0000 C=DATA   S=_DATA          G=DGROUP  M=SETUPIO    ACBP=48
 0CAF:8052 0004 C=DATA   S=_DATA          G=DGROUP  M=SETVBUF    ACBP=48
 0CAF:8056 0002 C=DATA   S=_DATA          G=DGROUP  M=STKLEN     ACBP=48
 0CAF:8058 0000 C=DATA   S=_DATA          G=DGROUP  M=TELL       ACBP=48
 0CAF:8058 0009 C=DATA   S=_DATA          G=DGROUP  M=TMPNAM     ACBP=48
 0CAF:8062 0000 C=DATA   S=_DATA          G=DGROUP  M=WRITE      ACBP=48
 0CAF:8062 0000 C=DATA   S=_DATA          G=DGROUP  M=XFCLOSE    ACBP=48
 0CAF:8062 0000 C=DATA   S=_DATA          G=DGROUP  M=XFFLUSH    ACBP=48
 0CAF:8062 0000 C=DATA   S=_DATA          G=DGROUP  M=ATOL       ACBP=48
 0CAF:8062 0000 C=DATA   S=_DATA          G=DGROUP  M=BRK        ACBP=48
 0CAF:8062 0000 C=DATA   S=_DATA          G=DGROUP  M=CHMODA     ACBP=48
 0CAF:8062 0000 C=DATA   S=_DATA          G=DGROUP  M=CLOSEA     ACBP=48
 0CAF:8062 0000 C=DATA   S=_DATA          G=DGROUP  M=EOF        ACBP=48
 0CAF:8062 0000 C=DATA   S=_DATA          G=DGROUP  M=GETC       ACBP=48
 0CAF:8062 0000 C=DATA   S=_DATA          G=DGROUP  M=IOCTL      ACBP=48
 0CAF:8062 005B C=DATA   S=_DATA          G=DGROUP  M=IOERROR    ACBP=48
 0CAF:80BE 0000 C=DATA   S=_DATA          G=DGROUP  M=IS         ACBP=48
 0CAF:80BE 0000 C=DATA   S=_DATA          G=DGROUP  M=ISATTY     ACBP=48
 0CAF:80BE 0000 C=DATA   S=_DATA          G=DGROUP  M=LSEEK      ACBP=48
 0CAF:80BE 0000 C=DATA   S=_DATA          G=DGROUP  M=LTOA       ACBP=48
 0CAF:80BE 0000 C=DATA   S=_DATA          G=DGROUP  M=MEMCPY     ACBP=48
 0CAF:80BE 0000 C=DATA   S=_DATA          G=DGROUP  M=MOVMEM     ACBP=48
 0CAF:80BE 0000 C=DATA   S=_DATA          G=DGROUP  M=OPEN       ACBP=48
 0CAF:80BE 0000 C=DATA   S=_DATA          G=DGROUP  M=OPENA      ACBP=48
 0CAF:80BE 0000 C=DATA   S=_DATA          G=DGROUP  M=READ       ACBP=48
 0CAF:80BE 0000 C=DATA   S=_DATA          G=DGROUP  M=READA      ACBP=48
 0CAF:80BE 0000 C=DATA   S=_DATA          G=DGROUP  M=STRCAT     ACBP=48
 0CAF:80BE 0000 C=DATA   S=_DATA          G=DGROUP  M=STRCHR     ACBP=48
 0CAF:80BE 0000 C=DATA   S=_DATA          G=DGROUP  M=STRCMP     ACBP=48
 0CAF:80BE 0000 C=DATA   S=_DATA          G=DGROUP  M=STRCPY     ACBP=48
 0CAF:80BE 0000 C=DATA   S=_DATA          G=DGROUP  M=STRLEN     ACBP=48
 0CAF:80BE 0000 C=DATA   S=_DATA          G=DGROUP  M=UNLINK     ACBP=48
 0CAF:80BE 0067 C=DATA   S=_DATA          G=DGROUP  M=VPRINTER   ACBP=48
 0CAF:8126 0000 C=DATA   S=_DATA          G=DGROUP  M=WRITEA     ACBP=48
 0CAF:8126 0006 C=DATA   S=_DATA          G=DGROUP  M=NEARHEAP   ACBP=48
 0CAF:812C 000E C=DATA   S=_DATA          G=DGROUP  M=SETARGV    ACBP=48
 0CAF:813A 0000 C=DATA   S=_CVTSEG        G=DGROUP  M=c0.ASM     ACBP=48
 0CAF:813A 0000 C=DATA   S=_CVTSEG        G=DGROUP  M=REALCVT    ACBP=48
 0CAF:813A 0000 C=DATA   S=_SCNSEG        G=DGROUP  M=c0.ASM     ACBP=48
 0CAF:813A 0000 C=BSS    S=_BSS           G=DGROUP  M=c0.ASM     ACBP=48
 0CAF:813A 0040 C=BSS    S=_BSS           G=DGROUP  M=ATEXIT     ACBP=48
 0CAF:817A 0000 C=BSS    S=_BSS           G=DGROUP  M=CLOSE      ACBP=48
 0CAF:817A 0001 C=BSS    S=_BSS           G=DGROUP  M=PUTC       ACBP=48
 0CAF:817C 0000 C=BSS    S=_BSS           G=DGROUP  M=SETUPIO    ACBP=48
 0CAF:817C 000F C=BSS    S=_BSS           G=DGROUP  M=TMPNAM     ACBP=48
 0CAF:818C 0000 C=BSS    S=_BSS           G=DGROUP  M=ATOL       ACBP=48
 0CAF:818C 0000 C=BSS    S=_BSS           G=DGROUP  M=BRK        ACBP=48
 0CAF:818C 0000 C=BSS    S=_BSS           G=DGROUP  M=CHMODA     ACBP=48
 0CAF:818C 0000 C=BSS    S=_BSS           G=DGROUP  M=CLOSEA     ACBP=48
 0CAF:818C 0000 C=BSS    S=_BSS           G=DGROUP  M=EOF        ACBP=48
 0CAF:818C 0001 C=BSS    S=_BSS           G=DGROUP  M=GETC       ACBP=48
 0CAF:818E 0000 C=BSS    S=_BSS           G=DGROUP  M=IOCTL      ACBP=48
 0CAF:818E 0000 C=BSS    S=_BSS           G=DGROUP  M=IOERROR    ACBP=48
 0CAF:818E 0000 C=BSS    S=_BSS           G=DGROUP  M=IS         ACBP=48
 0CAF:818E 0000 C=BSS    S=_BSS           G=DGROUP  M=ISATTY     ACBP=48
 0CAF:818E 0000 C=BSS    S=_BSS           G=DGROUP  M=LSEEK      ACBP=48
 0CAF:818E 0000 C=BSS    S=_BSS           G=DGROUP  M=LTOA       ACBP=48
 0CAF:818E 0000 C=BSS    S=_BSS           G=DGROUP  M=MEMCPY     ACBP=48
 0CAF:818E 0000 C=BSS    S=_BSS           G=DGROUP  M=MOVMEM     ACBP=48
 0CAF:818E 0000 C=BSS    S=_BSS           G=DGROUP  M=OPEN       ACBP=48
 0CAF:818E 0000 C=BSS    S=_BSS           G=DGROUP  M=OPENA      ACBP=48
 0CAF:818E 0000 C=BSS    S=_BSS           G=DGROUP  M=READ       ACBP=48
 0CAF:818E 0000 C=BSS    S=_BSS           G=DGROUP  M=READA      ACBP=48
 0CAF:818E 0000 C=BSS    S=_BSS           G=DGROUP  M=STRCAT     ACBP=48
 0CAF:818E 0000 C=BSS    S=_BSS           G=DGROUP  M=STRCHR     ACBP=48
 0CAF:818E 0000 C=BSS    S=_BSS           G=DGROUP  M=STRCMP     ACBP=48
 0CAF:818E 0000 C=BSS    S=_BSS           G=DGROUP  M=STRCPY     ACBP=48
 0CAF:818E 0000 C=BSS    S=_BSS           G=DGROUP  M=STRLEN     ACBP=48
 0CAF:818E 0000 C=BSS    S=_BSS           G=DGROUP  M=UNLINK     ACBP=48
 0CAF:818E 0000 C=BSS    S=_BSS           G=DGROUP  M=VPRINTER   ACBP=48
 0CAF:818E 0000 C=BSS    S=_BSS           G=DGROUP  M=WRITEA     ACBP=48
 0CAF:818E 0000 C=ENDBSS S=_BSSEND        G=DGROUP  M=c0.ASM     ACBP=28
 14C8:0000 0080 C=STACK  S=_STACK         G=(none)  M=c0.ASM     ACBP=74

  Address         Publics by Name

 0CAF:0000 idle  DATASEG@
 0000:0235 idle  DGROUP@
 0000:0220       _abort
 0000:AE1A       _access
 0000:9B33 idle  _AddFxnParamSymbols
 0000:064E idle  _AddIdent
 0000:0349 idle  _AddMacroExpansionChar
 0000:02BA idle  _AddMacroIdent
 0000:04FD idle  _AddString
 0000:AE4F idle  _atexit
 0000:B8B6       _atoi
 0000:B846 idle  _atol
 0000:B915 idle  _brk
 0CAF:2797 idle  _CharIsSigned
 0CAF:0156 idle  _CharQueue
 0CAF:0256 idle  _CharQueueLen
 0000:AE73       _close
 0CAF:278C idle  _CodeFooter
 0CAF:2789 idle  _CodeHeader
 0CAF:0154 idle  _CurFile
 0CAF:0152 idle  _CurFileName
 0CAF:27A7 idle  _CurFxnEpilogLabel
 0CAF:27A3 idle  _CurFxnLocalOfs
 0CAF:279F idle  _CurFxnParamCnt
 0CAF:27A1 idle  _CurFxnParamOfs
 0CAF:27A5 idle  _CurFxnReturnExprTypeSynPtr
 0CAF:279D idle  _CurFxnSyntaxPtr
 0CAF:2792 idle  _DataFooter
 0CAF:278F idle  _DataHeader
 0000:62BD idle  _decayArray
 0000:5773 idle  _del
 0000:8859 idle  _DeleteSyntax
 0000:06F0 idle  _DumpIdentTable
 0000:043D idle  _DumpMacroTable
 0000:8EED idle  _DumpSynDecls
 0000:B96A       _eof
 0CAF:0092       _errno
 0000:86B7 idle  _error
 0000:AE9F       _exit
 0000:6155 idle  _expr
 0CAF:245E idle  _ExprLevel
 0000:5BA2 idle  _exprUnary
 0000:687F idle  _exprval
 0000:AEC2       _fclose
 0000:B1A4 idle  _fdopen
 0000:BCFA idle  _feof
 0000:BD08 idle  _ferror
 0000:AF3A       _fflush
 0000:BA64       _fgetc
 0000:BB0E idle  _fgetchar
 0CAF:2786 idle  _FileHeader
 0000:05F2 idle  _FindIdent
 0000:0239 idle  _FindMacro
 0000:0581 idle  _FindString
 0000:88A1 idle  _FindSymbol
 0000:AFBC       _flushall
 0000:B164       _fopen
 0000:B308 idle  _fputc
 0000:B405 idle  _fputchar
 0000:C750       _free
 0000:B182 idle  _freopen
 0000:B234       _fseek
 0000:B296 idle  _ftell
 0000:22E5 idle  _GenAddrData
 0000:55FF idle  _GenExpr
 0000:35F5 idle  _GenExpr1
 0000:23A6 idle  _GenExtendAlAx
 0000:2249 idle  _GenExtern
 0000:2B3F idle  _GenFuse
 0000:2387 idle  _GenFxnEpilog
 0000:2379 idle  _GenFxnProlog
 0000:34D9 idle  _GenGetBinaryOperatorInstr
 0000:247D idle  _GenIncDecIdent
 0000:259F idle  _GenIncDecIndirect
 0000:2529 idle  _GenIncDecLocal
 0000:22B6 idle  _GenIntData
 0000:2331 idle  _GenJumpIfNotEqual
 0000:235F idle  _GenJumpIfNotZero
 0000:2345 idle  _GenJumpIfZero
 0000:2320 idle  _GenJumpUncond
 0000:2224 idle  _GenLabel
 0000:2395 idle  _GenLocalAlloc
 0000:2294 idle  _GenNumLabel
 0000:279B idle  _GenPostAddSubIdent
 0000:28CF idle  _GenPostAddSubIndirect
 0000:284D idle  _GenPostAddSubLocal
 0000:260C idle  _GenPostIncDecIdent
 0000:272E idle  _GenPostIncDecIndirect
 0000:26B8 idle  _GenPostIncDecLocal
 0000:2262 idle  _GenPrintLabel
 0000:23C6 idle  _GenReadIdent
 0000:2448 idle  _GenReadIndirect
 0000:2416 idle  _GenReadLocal
 0000:53D0 idle  _GenStrData
 0000:22A5 idle  _GenZeroData
 0000:BC5A idle  _getc
 0000:BC7E idle  _getchar
 0000:8A45 idle  _GetDeclSize
 0000:654C idle  _GetFxnInfo
 0000:134C idle  _GetIdent
 0000:102E idle  _GetNextChar
 0000:2948 idle  _GetOperandInfo
 0000:14CD idle  _GetToken
 0000:0750 idle  _GetTokenByWord
 0000:101A idle  _GetTokenFileLineNo
 0000:1024 idle  _GetTokenFileLinePos
 0000:1010 idle  _GetTokenFileName
 0000:1006 idle  _GetTokenIdentName
 0000:0AA7 idle  _GetTokenName
 0000:0FE8 idle  _GetTokenValueInt
 0000:0FF2 idle  _GetTokenValueString
 0000:0FFC idle  _GetTokenValueStringLength
 0CAF:145C idle  _IdentTable
 0CAF:245C idle  _IdentTableLen
 0000:5760 idle  _ins
 0000:56E2 idle  _ins2
 0000:8846 idle  _InsertSyntax
 0000:87C8 idle  _InsertSyntax2
 0000:BB17       _ioctl
 0000:BB7B       _isalnum
 0000:BB9E       _isalpha
 0000:BB8B idle  _isascii
 0000:BD16       _isatty
 0000:BBAE idle  _iscntrl
 0000:BBBE       _isdigit
 0000:BBCE idle  _isgraph
 0000:BBE6 idle  _islower
 0000:588E idle  _isop
 0000:BBF6 idle  _isprint
 0000:BC0E idle  _ispunct
 0000:BC1E       _isspace
 0000:5994 idle  _isunary
 0000:BC2E idle  _isupper
 0000:BC3E idle  _isxdigit
 0000:BDCD idle  _itoa
 0CAF:279B idle  _LabelCnt
 0CAF:014E idle  _LineNo
 0CAF:0150 idle  _LinePos
 0000:BD27       _lseek
 0000:BE0E idle  _ltoa
 0CAF:0258 idle  _MacroTable
 0CAF:1258 idle  _MacroTableLen
 0000:AD3A       _main
 0000:C81F       _malloc
 0000:BE33       _memcpy
 0000:BE9F       _memmove
 0000:BE54 idle  _movmem
 0000:642D idle  _nonVoidTypeCheck
 0000:647E idle  _numericTypeCheck
 0000:BEE1       _open
 0CAF:2782 idle  _opsp
 0CAF:25F2 idle  _opstack
 0000:5813 idle  _opstacktop
 0CAF:2784 idle  _OutputFormat
 0000:8F0E idle  _ParseArrayDimension
 0000:AC8E idle  _ParseBlock
 0000:91CD idle  _ParseDecl
 0000:8FBE idle  _ParseDerived
 0000:8289 idle  _ParseExpr
 0000:98A9 idle  _ParseFxnParams
 0CAF:27A9 idle  _ParseLevel
 0000:9E98 idle  _ParseStatement
 0000:56CE idle  _pop
 0000:5696 idle  _pop2
 0000:587A idle  _popop
 0000:5842 idle  _popop2
 0000:5A0D idle  _preced
 0000:5B26 idle  _precedGEQ
 0000:B2D7       _printf
 0000:64FC idle  _promoteType
 0000:04F2 idle  _PurgeStringTable
 0000:5657 idle  _push
 0000:560F idle  _push2
 0000:5803 idle  _pushop
 0000:57BB idle  _pushop2
 0000:87B8 idle  _PushSyntax
 0000:8770 idle  _PushSyntax2
 0000:BCA0 idle  _putc
 0000:BCCC       _putchar
 0000:C05A       _read
 0000:C976 idle  _realloc
 0000:BC4E idle  _remove
 0000:B921 idle  _sbrk
 0000:B5B4       _setvbuf
 0000:1087 idle  _ShiftChar
 0000:1121 idle  _ShiftCharN
 0000:8B53 idle  _ShowDecl
 0000:6801 idle  _simplifyConstExpr
 0CAF:2795 idle  _SizeOfChar
 0CAF:2799 idle  _SizeOfWord
 0000:113D idle  _SkipSpace
 0CAF:25F0 idle  _sp
 0CAF:2460 idle  _stack
 0000:5667 idle  _stacktop
 0000:C129       _strcat
 0000:C162       _strchr
 0000:C198       _strcmp
 0000:C1C7       _strcpy
 0CAF:125A idle  _StringTable
 0CAF:145A idle  _StringTableLen
 0000:C1EB       _strlen
 0000:89A0 idle  _SymType
 0CAF:27AB idle  _SyntaxStack
 0CAF:47AB idle  _SyntaxStackCnt
 0000:B680       _tell
 0000:B6DA idle  _tmpnam
 0CAF:00AA idle  _TokenIdentName
 0CAF:00CA idle  _TokenIdentNameLen
 0000:86F7 idle  _TokenStartsDeclaration
 0CAF:014C idle  _TokenStringLen
 0CAF:00A8 idle  _TokenValueInt
 0CAF:00CC idle  _TokenValueString
 0000:BDF4       _ultoa
 0000:C205       _unlink
 0000:B711       _write
 0000:1000 idle  __AHINCR
 0000:000C idle  __AHSHIFT
 0CAF:812C idle  __argc
 0CAF:812E idle  __argv
 0CAF:7DD8       __atexitcnt
 0CAF:813A       __atexittbl
 0CAF:00A0 idle  __brklvl
 0CAF:0082       __C0argc
 0CAF:0084       __C0argv
 0CAF:0086 idle  __C0environ
 0000:B931       __chmod
 0000:B94C       __close
 0CAF:7DDA       __ctype
 0CAF:8062 idle  __doserrno
 0CAF:8064 idle  __dosErrorToSV
 0CAF:0088       __envLng
 0CAF:008A       __envseg
 0CAF:008C idle  __envSize
 0000:012E idle  __exit
 0CAF:7EDC       __exitbuf
 0000:010F       __exitclean
 0CAF:7EDE       __exitfopen
 0CAF:7EE0       __exitopen
 0000:BA50       __fgetc
 0CAF:8126 idle  __first
 0CAF:804A       __fmode
 0000:B2EE       __fputc
 0000:B419       __FPUTN
 0CAF:009C idle  __heapbase
 0CAF:804E       __heaplen
 0CAF:00A4 idle  __heaptop
 0CAF:0072 idle  __Int0Vector
 0CAF:0076 idle  __Int4Vector
 0CAF:007A idle  __Int5Vector
 0CAF:007E idle  __Int6Vector
 0000:BB3E       __IOERROR
 0CAF:8128 idle  __last
 0000:BD50       __LONGTOA
 0000:B698       __MKNAME
 0000:0237 idle  __MMODEL
 0000:BA64 idle  __Nfgetc
 0CAF:804C       __notUmask
 0000:C00E       __open
 0CAF:8022       __openfd
 0CAF:0090       __osmajor
 0CAF:0091 idle  __osminor
 0CAF:008E       __psp
 0000:C10F       __read
 0000:C9C7       __REALCVT
 0CAF:813A       __RealCvtVector
 0000:01A8 idle  __restorezero
 0CAF:812A idle  __rover
 0CAF:813A idle  __ScanTodVector
 0000:0000  Abs  __setargv__
 0000:B54B       __setupio
 0CAF:0094 idle  __StartTime
 0CAF:8056       __stklen
 0CAF:7EE2       __streams
 0CAF:817C idle  __tmpnum
 0CAF:0090 idle  __version
 0000:C233       __VPRINTER
 0000:C6FA       __write
 0000:B804       __xfclose
 0000:B825       __xfflush
 0000:B8C2       ___brk
 0CAF:009A       ___brklvl
 0CAF:0098 idle  ___heapbase
 0000:B8E4       ___sbrk

  Address         Publics by Value

 0000:0000  Abs  __setargv__
 0000:000C idle  __AHSHIFT
 0000:1000 idle  __AHINCR
 0000:010F       __exitclean
 0000:012E idle  __exit
 0000:01A8 idle  __restorezero
 0000:0220       _abort
 0000:0235 idle  DGROUP@
 0000:0237 idle  __MMODEL
 0000:0239 idle  _FindMacro
 0000:02BA idle  _AddMacroIdent
 0000:0349 idle  _AddMacroExpansionChar
 0000:043D idle  _DumpMacroTable
 0000:04F2 idle  _PurgeStringTable
 0000:04FD idle  _AddString
 0000:0581 idle  _FindString
 0000:05F2 idle  _FindIdent
 0000:064E idle  _AddIdent
 0000:06F0 idle  _DumpIdentTable
 0000:0750 idle  _GetTokenByWord
 0000:0AA7 idle  _GetTokenName
 0000:0FE8 idle  _GetTokenValueInt
 0000:0FF2 idle  _GetTokenValueString
 0000:0FFC idle  _GetTokenValueStringLength
 0000:1006 idle  _GetTokenIdentName
 0000:1010 idle  _GetTokenFileName
 0000:101A idle  _GetTokenFileLineNo
 0000:1024 idle  _GetTokenFileLinePos
 0000:102E idle  _GetNextChar
 0000:1087 idle  _ShiftChar
 0000:1121 idle  _ShiftCharN
 0000:113D idle  _SkipSpace
 0000:134C idle  _GetIdent
 0000:14CD idle  _GetToken
 0000:2224 idle  _GenLabel
 0000:2249 idle  _GenExtern
 0000:2262 idle  _GenPrintLabel
 0000:2294 idle  _GenNumLabel
 0000:22A5 idle  _GenZeroData
 0000:22B6 idle  _GenIntData
 0000:22E5 idle  _GenAddrData
 0000:2320 idle  _GenJumpUncond
 0000:2331 idle  _GenJumpIfNotEqual
 0000:2345 idle  _GenJumpIfZero
 0000:235F idle  _GenJumpIfNotZero
 0000:2379 idle  _GenFxnProlog
 0000:2387 idle  _GenFxnEpilog
 0000:2395 idle  _GenLocalAlloc
 0000:23A6 idle  _GenExtendAlAx
 0000:23C6 idle  _GenReadIdent
 0000:2416 idle  _GenReadLocal
 0000:2448 idle  _GenReadIndirect
 0000:247D idle  _GenIncDecIdent
 0000:2529 idle  _GenIncDecLocal
 0000:259F idle  _GenIncDecIndirect
 0000:260C idle  _GenPostIncDecIdent
 0000:26B8 idle  _GenPostIncDecLocal
 0000:272E idle  _GenPostIncDecIndirect
 0000:279B idle  _GenPostAddSubIdent
 0000:284D idle  _GenPostAddSubLocal
 0000:28CF idle  _GenPostAddSubIndirect
 0000:2948 idle  _GetOperandInfo
 0000:2B3F idle  _GenFuse
 0000:34D9 idle  _GenGetBinaryOperatorInstr
 0000:35F5 idle  _GenExpr1
 0000:53D0 idle  _GenStrData
 0000:55FF idle  _GenExpr
 0000:560F idle  _push2
 0000:5657 idle  _push
 0000:5667 idle  _stacktop
 0000:5696 idle  _pop2
 0000:56CE idle  _pop
 0000:56E2 idle  _ins2
 0000:5760 idle  _ins
 0000:5773 idle  _del
 0000:57BB idle  _pushop2
 0000:5803 idle  _pushop
 0000:5813 idle  _opstacktop
 0000:5842 idle  _popop2
 0000:587A idle  _popop
 0000:588E idle  _isop
 0000:5994 idle  _isunary
 0000:5A0D idle  _preced
 0000:5B26 idle  _precedGEQ
 0000:5BA2 idle  _exprUnary
 0000:6155 idle  _expr
 0000:62BD idle  _decayArray
 0000:642D idle  _nonVoidTypeCheck
 0000:647E idle  _numericTypeCheck
 0000:64FC idle  _promoteType
 0000:654C idle  _GetFxnInfo
 0000:6801 idle  _simplifyConstExpr
 0000:687F idle  _exprval
 0000:8289 idle  _ParseExpr
 0000:86B7 idle  _error
 0000:86F7 idle  _TokenStartsDeclaration
 0000:8770 idle  _PushSyntax2
 0000:87B8 idle  _PushSyntax
 0000:87C8 idle  _InsertSyntax2
 0000:8846 idle  _InsertSyntax
 0000:8859 idle  _DeleteSyntax
 0000:88A1 idle  _FindSymbol
 0000:89A0 idle  _SymType
 0000:8A45 idle  _GetDeclSize
 0000:8B53 idle  _ShowDecl
 0000:8EED idle  _DumpSynDecls
 0000:8F0E idle  _ParseArrayDimension
 0000:8FBE idle  _ParseDerived
 0000:91CD idle  _ParseDecl
 0000:98A9 idle  _ParseFxnParams
 0000:9B33 idle  _AddFxnParamSymbols
 0000:9E98 idle  _ParseStatement
 0000:AC8E idle  _ParseBlock
 0000:AD3A       _main
 0000:AE1A       _access
 0000:AE4F idle  _atexit
 0000:AE73       _close
 0000:AE9F       _exit
 0000:AEC2       _fclose
 0000:AF3A       _fflush
 0000:AFBC       _flushall
 0000:B164       _fopen
 0000:B182 idle  _freopen
 0000:B1A4 idle  _fdopen
 0000:B234       _fseek
 0000:B296 idle  _ftell
 0000:B2D7       _printf
 0000:B2EE       __fputc
 0000:B308 idle  _fputc
 0000:B405 idle  _fputchar
 0000:B419       __FPUTN
 0000:B54B       __setupio
 0000:B5B4       _setvbuf
 0000:B680       _tell
 0000:B698       __MKNAME
 0000:B6DA idle  _tmpnam
 0000:B711       _write
 0000:B804       __xfclose
 0000:B825       __xfflush
 0000:B846 idle  _atol
 0000:B8B6       _atoi
 0000:B8C2       ___brk
 0000:B8E4       ___sbrk
 0000:B915 idle  _brk
 0000:B921 idle  _sbrk
 0000:B931       __chmod
 0000:B94C       __close
 0000:B96A       _eof
 0000:BA50       __fgetc
 0000:BA64       _fgetc
 0000:BA64 idle  __Nfgetc
 0000:BB0E idle  _fgetchar
 0000:BB17       _ioctl
 0000:BB3E       __IOERROR
 0000:BB7B       _isalnum
 0000:BB8B idle  _isascii
 0000:BB9E       _isalpha
 0000:BBAE idle  _iscntrl
 0000:BBBE       _isdigit
 0000:BBCE idle  _isgraph
 0000:BBE6 idle  _islower
 0000:BBF6 idle  _isprint
 0000:BC0E idle  _ispunct
 0000:BC1E       _isspace
 0000:BC2E idle  _isupper
 0000:BC3E idle  _isxdigit
 0000:BC4E idle  _remove
 0000:BC5A idle  _getc
 0000:BC7E idle  _getchar
 0000:BCA0 idle  _putc
 0000:BCCC       _putchar
 0000:BCFA idle  _feof
 0000:BD08 idle  _ferror
 0000:BD16       _isatty
 0000:BD27       _lseek
 0000:BD50       __LONGTOA
 0000:BDCD idle  _itoa
 0000:BDF4       _ultoa
 0000:BE0E idle  _ltoa
 0000:BE33       _memcpy
 0000:BE54 idle  _movmem
 0000:BE9F       _memmove
 0000:BEE1       _open
 0000:C00E       __open
 0000:C05A       _read
 0000:C10F       __read
 0000:C129       _strcat
 0000:C162       _strchr
 0000:C198       _strcmp
 0000:C1C7       _strcpy
 0000:C1EB       _strlen
 0000:C205       _unlink
 0000:C233       __VPRINTER
 0000:C6FA       __write
 0000:C750       _free
 0000:C81F       _malloc
 0000:C976 idle  _realloc
 0000:C9C7       __REALCVT
 0CAF:0000 idle  DATASEG@
 0CAF:0072 idle  __Int0Vector
 0CAF:0076 idle  __Int4Vector
 0CAF:007A idle  __Int5Vector
 0CAF:007E idle  __Int6Vector
 0CAF:0082       __C0argc
 0CAF:0084       __C0argv
 0CAF:0086 idle  __C0environ
 0CAF:0088       __envLng
 0CAF:008A       __envseg
 0CAF:008C idle  __envSize
 0CAF:008E       __psp
 0CAF:0090       __osmajor
 0CAF:0090 idle  __version
 0CAF:0091 idle  __osminor
 0CAF:0092       _errno
 0CAF:0094 idle  __StartTime
 0CAF:0098 idle  ___heapbase
 0CAF:009A       ___brklvl
 0CAF:009C idle  __heapbase
 0CAF:00A0 idle  __brklvl
 0CAF:00A4 idle  __heaptop
 0CAF:00A8 idle  _TokenValueInt
 0CAF:00AA idle  _TokenIdentName
 0CAF:00CA idle  _TokenIdentNameLen
 0CAF:00CC idle  _TokenValueString
 0CAF:014C idle  _TokenStringLen
 0CAF:014E idle  _LineNo
 0CAF:0150 idle  _LinePos
 0CAF:0152 idle  _CurFileName
 0CAF:0154 idle  _CurFile
 0CAF:0156 idle  _CharQueue
 0CAF:0256 idle  _CharQueueLen
 0CAF:0258 idle  _MacroTable
 0CAF:1258 idle  _MacroTableLen
 0CAF:125A idle  _StringTable
 0CAF:145A idle  _StringTableLen
 0CAF:145C idle  _IdentTable
 0CAF:245C idle  _IdentTableLen
 0CAF:245E idle  _ExprLevel
 0CAF:2460 idle  _stack
 0CAF:25F0 idle  _sp
 0CAF:25F2 idle  _opstack
 0CAF:2782 idle  _opsp
 0CAF:2784 idle  _OutputFormat
 0CAF:2786 idle  _FileHeader
 0CAF:2789 idle  _CodeHeader
 0CAF:278C idle  _CodeFooter
 0CAF:278F idle  _DataHeader
 0CAF:2792 idle  _DataFooter
 0CAF:2795 idle  _SizeOfChar
 0CAF:2797 idle  _CharIsSigned
 0CAF:2799 idle  _SizeOfWord
 0CAF:279B idle  _LabelCnt
 0CAF:279D idle  _CurFxnSyntaxPtr
 0CAF:279F idle  _CurFxnParamCnt
 0CAF:27A1 idle  _CurFxnParamOfs
 0CAF:27A3 idle  _CurFxnLocalOfs
 0CAF:27A5 idle  _CurFxnReturnExprTypeSynPtr
 0CAF:27A7 idle  _CurFxnEpilogLabel
 0CAF:27A9 idle  _ParseLevel
 0CAF:27AB idle  _SyntaxStack
 0CAF:47AB idle  _SyntaxStackCnt
 0CAF:7DD8       __atexitcnt
 0CAF:7DDA       __ctype
 0CAF:7EDC       __exitbuf
 0CAF:7EDE       __exitfopen
 0CAF:7EE0       __exitopen
 0CAF:7EE2       __streams
 0CAF:8022       __openfd
 0CAF:804A       __fmode
 0CAF:804C       __notUmask
 0CAF:804E       __heaplen
 0CAF:8056       __stklen
 0CAF:8062 idle  __doserrno
 0CAF:8064 idle  __dosErrorToSV
 0CAF:8126 idle  __first
 0CAF:8128 idle  __last
 0CAF:812A idle  __rover
 0CAF:812C idle  __argc
 0CAF:812E idle  __argv
 0CAF:813A idle  __ScanTodVector
 0CAF:813A       __RealCvtVector
 0CAF:813A       __atexittbl
 0CAF:817C idle  __tmpnum

Program entry point at 0000:0000

