
 Start  Stop   Length Name               Class

 00000H 0CEEDH 0CEEEH _TEXT              CODE
 0CEF0H 0CEF0H 00000H _FARDATA           FAR_DATA
 0CEF0H 0CEF0H 00000H _OVERLAY_          OVRINFO
 0CEF0H 0CEFBH 0000CH _INIT_             INITDATA
 0CEFCH 0CEFCH 00000H _INITEND_          INITDATA
 0CEFCH 0CEFCH 00000H _EXIT_             EXITDATA
 0CEFCH 0CEFCH 00000H _EXITEND_          EXITDATA
 0CF00H 0CF00H 00000H _1STUB_            STUBSEG
 0CF00H 1411BH 0721CH _DATA              DATA
 1411CH 1411CH 00000H _CVTSEG            DATA
 1411CH 1411CH 00000H _SCNSEG            DATA
 1411CH 1416FH 00054H _BSS               BSS
 14170H 14170H 00000H _BSSEND            ENDBSS
 14170H 141EFH 00080H _STACK             STACK


Detailed map of segments

 0000:0000 0239 C=CODE   S=_TEXT          G=(none)  M=c0.ASM     ACBP=28
 0000:0239 B000 C=CODE   S=_TEXT          G=(none)  M=__cmplr.asm ACBP=28
 0000:B239 0035 C=CODE   S=_TEXT          G=(none)  M=ACCESS     ACBP=28
 0000:B26E 0024 C=CODE   S=_TEXT          G=(none)  M=ATEXIT     ACBP=28
 0000:B292 002B C=CODE   S=_TEXT          G=(none)  M=CLOSE      ACBP=28
 0000:B2BD 0000 C=CODE   S=_TEXT          G=(none)  M=CTYPE      ACBP=28
 0000:B2BD 0024 C=CODE   S=_TEXT          G=(none)  M=EXIT       ACBP=28
 0000:B2E1 0078 C=CODE   S=_TEXT          G=(none)  M=FCLOSE     ACBP=28
 0000:B359 0082 C=CODE   S=_TEXT          G=(none)  M=FFLUSH     ACBP=28
 0000:B3DB 0000 C=CODE   S=_TEXT          G=(none)  M=FILES      ACBP=28
 0000:B3DB 0000 C=CODE   S=_TEXT          G=(none)  M=FILES2     ACBP=28
 0000:B3DB 0036 C=CODE   S=_TEXT          G=(none)  M=FLUSHALL   ACBP=28
 0000:B411 0000 C=CODE   S=_TEXT          G=(none)  M=FMODE      ACBP=28
 0000:B411 01DC C=CODE   S=_TEXT          G=(none)  M=FOPEN      ACBP=28
 0000:B5ED 0109 C=CODE   S=_TEXT          G=(none)  M=FSEEK      ACBP=28
 0000:B6F6 0000 C=CODE   S=_TEXT          G=(none)  M=HEAPLEN    ACBP=28
 0000:B6F6 0017 C=CODE   S=_TEXT          G=(none)  M=PRINTF     ACBP=28
 0000:B70D 025D C=CODE   S=_TEXT          G=(none)  M=PUTC       ACBP=28
 0000:B96A 0069 C=CODE   S=_TEXT          G=(none)  M=SETUPIO    ACBP=28
 0000:B9D3 00CC C=CODE   S=_TEXT          G=(none)  M=SETVBUF    ACBP=28
 0000:BA9F 0000 C=CODE   S=_TEXT          G=(none)  M=STKLEN     ACBP=28
 0000:BA9F 0018 C=CODE   S=_TEXT          G=(none)  M=TELL       ACBP=28
 0000:BAB7 0079 C=CODE   S=_TEXT          G=(none)  M=TMPNAM     ACBP=28
 0000:BB30 00F3 C=CODE   S=_TEXT          G=(none)  M=WRITE      ACBP=28
 0000:BC23 0021 C=CODE   S=_TEXT          G=(none)  M=XFCLOSE    ACBP=28
 0000:BC44 0021 C=CODE   S=_TEXT          G=(none)  M=XFFLUSH    ACBP=28
 0000:BC65 007C C=CODE   S=_TEXT          G=(none)  M=ATOL       ACBP=28
 0000:BCE1 006F C=CODE   S=_TEXT          G=(none)  M=BRK        ACBP=28
 0000:BD50 001B C=CODE   S=_TEXT          G=(none)  M=CHMODA     ACBP=28
 0000:BD6B 001E C=CODE   S=_TEXT          G=(none)  M=CLOSEA     ACBP=28
 0000:BD89 0068 C=CODE   S=_TEXT          G=(none)  M=EOF        ACBP=28
 0000:BDF1 0145 C=CODE   S=_TEXT          G=(none)  M=GETC       ACBP=28
 0000:BF36 0027 C=CODE   S=_TEXT          G=(none)  M=IOCTL      ACBP=28
 0000:BF5D 003D C=CODE   S=_TEXT          G=(none)  M=IOERROR    ACBP=28
 0000:BF9A 019B C=CODE   S=_TEXT          G=(none)  M=IS         ACBP=28
 0000:C135 0011 C=CODE   S=_TEXT          G=(none)  M=ISATTY     ACBP=28
 0000:C146 0029 C=CODE   S=_TEXT          G=(none)  M=LSEEK      ACBP=28
 0000:C16F 00E3 C=CODE   S=_TEXT          G=(none)  M=LTOA       ACBP=28
 0000:C252 0021 C=CODE   S=_TEXT          G=(none)  M=MEMCPY     ACBP=28
 0000:C273 0062 C=CODE   S=_TEXT          G=(none)  M=MOVMEM     ACBP=28
 0000:C2D5 0158 C=CODE   S=_TEXT          G=(none)  M=OPEN       ACBP=28
 0000:C42D 004C C=CODE   S=_TEXT          G=(none)  M=OPENA      ACBP=28
 0000:C479 00B5 C=CODE   S=_TEXT          G=(none)  M=READ       ACBP=28
 0000:C52E 001A C=CODE   S=_TEXT          G=(none)  M=READA      ACBP=28
 0000:C548 0039 C=CODE   S=_TEXT          G=(none)  M=STRCAT     ACBP=28
 0000:C581 0036 C=CODE   S=_TEXT          G=(none)  M=STRCHR     ACBP=28
 0000:C5B7 002F C=CODE   S=_TEXT          G=(none)  M=STRCMP     ACBP=28
 0000:C5E6 0024 C=CODE   S=_TEXT          G=(none)  M=STRCPY     ACBP=28
 0000:C60A 001A C=CODE   S=_TEXT          G=(none)  M=STRLEN     ACBP=28
 0000:C624 0016 C=CODE   S=_TEXT          G=(none)  M=UNLINK     ACBP=28
 0000:C63A 04DF C=CODE   S=_TEXT          G=(none)  M=VPRINTER   ACBP=28
 0000:CB19 0047 C=CODE   S=_TEXT          G=(none)  M=WRITEA     ACBP=28
 0000:CB60 0277 C=CODE   S=_TEXT          G=(none)  M=NEARHEAP   ACBP=68
 0000:CDD7 0004 C=CODE   S=_TEXT          G=(none)  M=REALCVT    ACBP=28
 0000:CDDB 0113 C=CODE   S=_TEXT          G=(none)  M=SETARGV    ACBP=28
 0CEF:0000 0000 C=FAR_DATA S=_FARDATA       G=(none)  M=c0.ASM     ACBP=68
 0CEF:0000 0000 C=OVRINFO S=_OVERLAY_      G=(none)  M=c0.ASM     ACBP=68
 0CEF:0000 0000 C=INITDATA S=_INIT_         G=IGROUP  M=c0.ASM     ACBP=48
 0CEF:0000 0006 C=INITDATA S=_INIT_         G=IGROUP  M=SETUPIO    ACBP=48
 0CEF:0006 0006 C=INITDATA S=_INIT_         G=IGROUP  M=SETARGV    ACBP=48
 0CEF:000C 0000 C=INITDATA S=_INITEND_      G=IGROUP  M=c0.ASM     ACBP=28
 0CEF:000C 0000 C=EXITDATA S=_EXIT_         G=EGROUP  M=c0.ASM     ACBP=48
 0CEF:000C 0000 C=EXITDATA S=_EXITEND_      G=EGROUP  M=c0.ASM     ACBP=28
 0CF0:0000 0000 C=STUBSEG S=_1STUB_        G=(none)  M=c0.ASM     ACBP=68
 0CF0:0000 00A8 C=DATA   S=_DATA          G=DGROUP  M=c0.ASM     ACBP=68
 0CF0:00A8 6E11 C=DATA   S=_DATA          G=DGROUP  M=__cmplr.asm ACBP=28
 0CF0:6EBA 0000 C=DATA   S=_DATA          G=DGROUP  M=ACCESS     ACBP=48
 0CF0:6EBA 0002 C=DATA   S=_DATA          G=DGROUP  M=ATEXIT     ACBP=48
 0CF0:6EBC 0000 C=DATA   S=_DATA          G=DGROUP  M=CLOSE      ACBP=48
 0CF0:6EBC 0101 C=DATA   S=_DATA          G=DGROUP  M=CTYPE      ACBP=48
 0CF0:6FBE 0006 C=DATA   S=_DATA          G=DGROUP  M=EXIT       ACBP=48
 0CF0:6FC4 0000 C=DATA   S=_DATA          G=DGROUP  M=FCLOSE     ACBP=48
 0CF0:6FC4 0000 C=DATA   S=_DATA          G=DGROUP  M=FFLUSH     ACBP=48
 0CF0:6FC4 0140 C=DATA   S=_DATA          G=DGROUP  M=FILES      ACBP=48
 0CF0:7104 0028 C=DATA   S=_DATA          G=DGROUP  M=FILES2     ACBP=48
 0CF0:712C 0000 C=DATA   S=_DATA          G=DGROUP  M=FLUSHALL   ACBP=48
 0CF0:712C 0004 C=DATA   S=_DATA          G=DGROUP  M=FMODE      ACBP=48
 0CF0:7130 0000 C=DATA   S=_DATA          G=DGROUP  M=FOPEN      ACBP=48
 0CF0:7130 0000 C=DATA   S=_DATA          G=DGROUP  M=FSEEK      ACBP=48
 0CF0:7130 0002 C=DATA   S=_DATA          G=DGROUP  M=HEAPLEN    ACBP=48
 0CF0:7132 0000 C=DATA   S=_DATA          G=DGROUP  M=PRINTF     ACBP=48
 0CF0:7132 0001 C=DATA   S=_DATA          G=DGROUP  M=PUTC       ACBP=48
 0CF0:7134 0000 C=DATA   S=_DATA          G=DGROUP  M=SETUPIO    ACBP=48
 0CF0:7134 0004 C=DATA   S=_DATA          G=DGROUP  M=SETVBUF    ACBP=48
 0CF0:7138 0002 C=DATA   S=_DATA          G=DGROUP  M=STKLEN     ACBP=48
 0CF0:713A 0000 C=DATA   S=_DATA          G=DGROUP  M=TELL       ACBP=48
 0CF0:713A 0009 C=DATA   S=_DATA          G=DGROUP  M=TMPNAM     ACBP=48
 0CF0:7144 0000 C=DATA   S=_DATA          G=DGROUP  M=WRITE      ACBP=48
 0CF0:7144 0000 C=DATA   S=_DATA          G=DGROUP  M=XFCLOSE    ACBP=48
 0CF0:7144 0000 C=DATA   S=_DATA          G=DGROUP  M=XFFLUSH    ACBP=48
 0CF0:7144 0000 C=DATA   S=_DATA          G=DGROUP  M=ATOL       ACBP=48
 0CF0:7144 0000 C=DATA   S=_DATA          G=DGROUP  M=BRK        ACBP=48
 0CF0:7144 0000 C=DATA   S=_DATA          G=DGROUP  M=CHMODA     ACBP=48
 0CF0:7144 0000 C=DATA   S=_DATA          G=DGROUP  M=CLOSEA     ACBP=48
 0CF0:7144 0000 C=DATA   S=_DATA          G=DGROUP  M=EOF        ACBP=48
 0CF0:7144 0000 C=DATA   S=_DATA          G=DGROUP  M=GETC       ACBP=48
 0CF0:7144 0000 C=DATA   S=_DATA          G=DGROUP  M=IOCTL      ACBP=48
 0CF0:7144 005B C=DATA   S=_DATA          G=DGROUP  M=IOERROR    ACBP=48
 0CF0:71A0 0000 C=DATA   S=_DATA          G=DGROUP  M=IS         ACBP=48
 0CF0:71A0 0000 C=DATA   S=_DATA          G=DGROUP  M=ISATTY     ACBP=48
 0CF0:71A0 0000 C=DATA   S=_DATA          G=DGROUP  M=LSEEK      ACBP=48
 0CF0:71A0 0000 C=DATA   S=_DATA          G=DGROUP  M=LTOA       ACBP=48
 0CF0:71A0 0000 C=DATA   S=_DATA          G=DGROUP  M=MEMCPY     ACBP=48
 0CF0:71A0 0000 C=DATA   S=_DATA          G=DGROUP  M=MOVMEM     ACBP=48
 0CF0:71A0 0000 C=DATA   S=_DATA          G=DGROUP  M=OPEN       ACBP=48
 0CF0:71A0 0000 C=DATA   S=_DATA          G=DGROUP  M=OPENA      ACBP=48
 0CF0:71A0 0000 C=DATA   S=_DATA          G=DGROUP  M=READ       ACBP=48
 0CF0:71A0 0000 C=DATA   S=_DATA          G=DGROUP  M=READA      ACBP=48
 0CF0:71A0 0000 C=DATA   S=_DATA          G=DGROUP  M=STRCAT     ACBP=48
 0CF0:71A0 0000 C=DATA   S=_DATA          G=DGROUP  M=STRCHR     ACBP=48
 0CF0:71A0 0000 C=DATA   S=_DATA          G=DGROUP  M=STRCMP     ACBP=48
 0CF0:71A0 0000 C=DATA   S=_DATA          G=DGROUP  M=STRCPY     ACBP=48
 0CF0:71A0 0000 C=DATA   S=_DATA          G=DGROUP  M=STRLEN     ACBP=48
 0CF0:71A0 0000 C=DATA   S=_DATA          G=DGROUP  M=UNLINK     ACBP=48
 0CF0:71A0 0067 C=DATA   S=_DATA          G=DGROUP  M=VPRINTER   ACBP=48
 0CF0:7208 0000 C=DATA   S=_DATA          G=DGROUP  M=WRITEA     ACBP=48
 0CF0:7208 0006 C=DATA   S=_DATA          G=DGROUP  M=NEARHEAP   ACBP=48
 0CF0:720E 000E C=DATA   S=_DATA          G=DGROUP  M=SETARGV    ACBP=48
 0CF0:721C 0000 C=DATA   S=_CVTSEG        G=DGROUP  M=c0.ASM     ACBP=48
 0CF0:721C 0000 C=DATA   S=_CVTSEG        G=DGROUP  M=REALCVT    ACBP=48
 0CF0:721C 0000 C=DATA   S=_SCNSEG        G=DGROUP  M=c0.ASM     ACBP=48
 0CF0:721C 0000 C=BSS    S=_BSS           G=DGROUP  M=c0.ASM     ACBP=48
 0CF0:721C 0040 C=BSS    S=_BSS           G=DGROUP  M=ATEXIT     ACBP=48
 0CF0:725C 0000 C=BSS    S=_BSS           G=DGROUP  M=CLOSE      ACBP=48
 0CF0:725C 0001 C=BSS    S=_BSS           G=DGROUP  M=PUTC       ACBP=48
 0CF0:725E 0000 C=BSS    S=_BSS           G=DGROUP  M=SETUPIO    ACBP=48
 0CF0:725E 000F C=BSS    S=_BSS           G=DGROUP  M=TMPNAM     ACBP=48
 0CF0:726E 0000 C=BSS    S=_BSS           G=DGROUP  M=ATOL       ACBP=48
 0CF0:726E 0000 C=BSS    S=_BSS           G=DGROUP  M=BRK        ACBP=48
 0CF0:726E 0000 C=BSS    S=_BSS           G=DGROUP  M=CHMODA     ACBP=48
 0CF0:726E 0000 C=BSS    S=_BSS           G=DGROUP  M=CLOSEA     ACBP=48
 0CF0:726E 0000 C=BSS    S=_BSS           G=DGROUP  M=EOF        ACBP=48
 0CF0:726E 0001 C=BSS    S=_BSS           G=DGROUP  M=GETC       ACBP=48
 0CF0:7270 0000 C=BSS    S=_BSS           G=DGROUP  M=IOCTL      ACBP=48
 0CF0:7270 0000 C=BSS    S=_BSS           G=DGROUP  M=IOERROR    ACBP=48
 0CF0:7270 0000 C=BSS    S=_BSS           G=DGROUP  M=IS         ACBP=48
 0CF0:7270 0000 C=BSS    S=_BSS           G=DGROUP  M=ISATTY     ACBP=48
 0CF0:7270 0000 C=BSS    S=_BSS           G=DGROUP  M=LSEEK      ACBP=48
 0CF0:7270 0000 C=BSS    S=_BSS           G=DGROUP  M=LTOA       ACBP=48
 0CF0:7270 0000 C=BSS    S=_BSS           G=DGROUP  M=MEMCPY     ACBP=48
 0CF0:7270 0000 C=BSS    S=_BSS           G=DGROUP  M=MOVMEM     ACBP=48
 0CF0:7270 0000 C=BSS    S=_BSS           G=DGROUP  M=OPEN       ACBP=48
 0CF0:7270 0000 C=BSS    S=_BSS           G=DGROUP  M=OPENA      ACBP=48
 0CF0:7270 0000 C=BSS    S=_BSS           G=DGROUP  M=READ       ACBP=48
 0CF0:7270 0000 C=BSS    S=_BSS           G=DGROUP  M=READA      ACBP=48
 0CF0:7270 0000 C=BSS    S=_BSS           G=DGROUP  M=STRCAT     ACBP=48
 0CF0:7270 0000 C=BSS    S=_BSS           G=DGROUP  M=STRCHR     ACBP=48
 0CF0:7270 0000 C=BSS    S=_BSS           G=DGROUP  M=STRCMP     ACBP=48
 0CF0:7270 0000 C=BSS    S=_BSS           G=DGROUP  M=STRCPY     ACBP=48
 0CF0:7270 0000 C=BSS    S=_BSS           G=DGROUP  M=STRLEN     ACBP=48
 0CF0:7270 0000 C=BSS    S=_BSS           G=DGROUP  M=UNLINK     ACBP=48
 0CF0:7270 0000 C=BSS    S=_BSS           G=DGROUP  M=VPRINTER   ACBP=48
 0CF0:7270 0000 C=BSS    S=_BSS           G=DGROUP  M=WRITEA     ACBP=48
 0CF0:7270 0000 C=ENDBSS S=_BSSEND        G=DGROUP  M=c0.ASM     ACBP=28
 1417:0000 0080 C=STACK  S=_STACK         G=(none)  M=c0.ASM     ACBP=74

  Address         Publics by Name

 0CF0:0000 idle  DATASEG@
 0000:0235 idle  DGROUP@
 0000:0220       _abort
 0000:B239       _access
 0000:9F52 idle  _AddFxnParamSymbols
 0000:064E idle  _AddIdent
 0000:0349 idle  _AddMacroExpansionChar
 0000:02BA idle  _AddMacroIdent
 0000:04FD idle  _AddString
 0000:B26E idle  _atexit
 0000:BCD5       _atoi
 0000:BC65 idle  _atol
 0000:BD34 idle  _brk
 0CF0:2797 idle  _CharIsSigned
 0CF0:0156 idle  _CharQueue
 0CF0:0256 idle  _CharQueueLen
 0000:B292       _close
 0CF0:278C idle  _CodeFooter
 0CF0:2789 idle  _CodeHeader
 0CF0:0154 idle  _CurFile
 0CF0:0152 idle  _CurFileName
 0CF0:27A7 idle  _CurFxnEpilogLabel
 0CF0:27A3 idle  _CurFxnLocalOfs
 0CF0:279F idle  _CurFxnParamCnt
 0CF0:27A1 idle  _CurFxnParamOfs
 0CF0:27A5 idle  _CurFxnReturnExprTypeSynPtr
 0CF0:279D idle  _CurFxnSyntaxPtr
 0CF0:2792 idle  _DataFooter
 0CF0:278F idle  _DataHeader
 0000:66DC idle  _decayArray
 0000:5B92 idle  _del
 0000:8C78 idle  _DeleteSyntax
 0000:06F0 idle  _DumpIdentTable
 0000:043D idle  _DumpMacroTable
 0000:930C idle  _DumpSynDecls
 0000:BD89       _eof
 0CF0:0092       _errno
 0000:8AD6 idle  _error
 0000:B2BE       _exit
 0000:6574 idle  _expr
 0CF0:245E idle  _ExprLevel
 0000:5FC1 idle  _exprUnary
 0000:6C9E idle  _exprval
 0000:B2E1       _fclose
 0000:B5C3 idle  _fdopen
 0000:C119 idle  _feof
 0000:C127 idle  _ferror
 0000:B359       _fflush
 0000:BE83       _fgetc
 0000:BF2D idle  _fgetchar
 0CF0:2786 idle  _FileHeader
 0000:05F2 idle  _FindIdent
 0000:0239 idle  _FindMacro
 0000:0581 idle  _FindString
 0000:8CC0 idle  _FindSymbol
 0000:B3DB       _flushall
 0000:B583       _fopen
 0000:B727 idle  _fputc
 0000:B824 idle  _fputchar
 0000:CB60       _free
 0000:B5A1 idle  _freopen
 0000:B653       _fseek
 0000:B6B5 idle  _ftell
 0000:22F6 idle  _GenAddrData
 0000:5A1E idle  _GenExpr
 0000:3D86 idle  _GenExpr1
 0000:2A98 idle  _GenExtendRegAIfNeeded
 0000:2249 idle  _GenExtern
 0000:32B9 idle  _GenFuse
 0000:2B9E idle  _GenFxnEpilog
 0000:2B61 idle  _GenFxnProlog
 0000:3C53 idle  _GenGetBinaryOperatorInstr
 0000:2D47 idle  _GenIncDecIdent
 0000:2DFF idle  _GenIncDecIndirect
 0000:2DA3 idle  _GenIncDecLocal
 0000:22C7 idle  _GenIntData
 0000:2ADC idle  _GenJumpIfNotEqual
 0000:2B32 idle  _GenJumpIfNotZero
 0000:2B03 idle  _GenJumpIfZero
 0000:2AC8 idle  _GenJumpUncond
 0000:2224 idle  _GenLabel
 0000:2B86 idle  _GenLocalAlloc
 0000:2294 idle  _GenNumLabel
 0000:2F8F idle  _GenPostAddSubIdent
 0000:3051 idle  _GenPostAddSubIndirect
 0000:2FF0 idle  _GenPostAddSubLocal
 0000:2E6B idle  _GenPostIncDecIdent
 0000:2F23 idle  _GenPostIncDecIndirect
 0000:2EC7 idle  _GenPostIncDecLocal
 0000:2331 idle  _GenPrintInstr
 0000:2A0B idle  _GenPrintInstr1Operand
 0000:2A2B idle  _GenPrintInstr2Operands
 0000:2A5A idle  _GenPrintInstr3Operands
 0000:29F8 idle  _GenPrintInstrNoOperand
 0000:2262 idle  _GenPrintLabel
 0000:29EA idle  _GenPrintNewLine
 0000:22A5 idle  _GenPrintNumLabel
 0000:27F6 idle  _GenPrintOperand
 0000:29DC idle  _GenPrintOperandSeparator
 0000:2C45 idle  _GenReadCRegIdent
 0000:2CE7 idle  _GenReadCRegIndirect
 0000:2C96 idle  _GenReadCRegLocal
 0000:2BB3 idle  _GenReadIdent
 0000:2C09 idle  _GenReadIndirect
 0000:2BDE idle  _GenReadLocal
 0000:2754 idle  _GenSelectByteOrWord
 0000:57EF idle  _GenStrData
 0000:22B6 idle  _GenZeroData
 0000:C079 idle  _getc
 0000:C09D idle  _getchar
 0000:8E64 idle  _GetDeclSize
 0000:696B idle  _GetFxnInfo
 0000:134C idle  _GetIdent
 0000:102E idle  _GetNextChar
 0000:30C2 idle  _GetOperandInfo
 0000:14CD idle  _GetToken
 0000:0750 idle  _GetTokenByWord
 0000:101A idle  _GetTokenFileLineNo
 0000:1024 idle  _GetTokenFileLinePos
 0000:1010 idle  _GetTokenFileName
 0000:1006 idle  _GetTokenIdentName
 0000:0AA7 idle  _GetTokenName
 0000:0FE8 idle  _GetTokenValueInt
 0000:0FF2 idle  _GetTokenValueString
 0000:0FFC idle  _GetTokenValueStringLength
 0CF0:145C idle  _IdentTable
 0CF0:245C idle  _IdentTableLen
 0000:5B7F idle  _ins
 0000:5B01 idle  _ins2
 0000:8C65 idle  _InsertSyntax
 0000:8BE7 idle  _InsertSyntax2
 0000:BF36       _ioctl
 0000:BF9A       _isalnum
 0000:BFBD       _isalpha
 0000:BFAA idle  _isascii
 0000:C135       _isatty
 0000:BFCD idle  _iscntrl
 0000:BFDD       _isdigit
 0000:BFED idle  _isgraph
 0000:C005 idle  _islower
 0000:5CAD idle  _isop
 0000:C015 idle  _isprint
 0000:C02D idle  _ispunct
 0000:C03D       _isspace
 0000:5DB3 idle  _isunary
 0000:C04D idle  _isupper
 0000:C05D idle  _isxdigit
 0000:C1EC idle  _itoa
 0CF0:279B idle  _LabelCnt
 0CF0:014E idle  _LineNo
 0CF0:0150 idle  _LinePos
 0000:C146       _lseek
 0000:C22D idle  _ltoa
 0CF0:0258 idle  _MacroTable
 0CF0:1258 idle  _MacroTableLen
 0000:B159       _main
 0000:CC2F       _malloc
 0000:C252       _memcpy
 0000:C2BE       _memmove
 0000:C273 idle  _movmem
 0000:684C idle  _nonVoidTypeCheck
 0000:689D idle  _numericTypeCheck
 0000:C300       _open
 0CF0:2782 idle  _opsp
 0CF0:25F2 idle  _opstack
 0000:5C32 idle  _opstacktop
 0CF0:2784 idle  _OutputFormat
 0000:932D idle  _ParseArrayDimension
 0000:B0AD idle  _ParseBlock
 0000:95EC idle  _ParseDecl
 0000:93DD idle  _ParseDerived
 0000:86A8 idle  _ParseExpr
 0000:9CC8 idle  _ParseFxnParams
 0CF0:27A9 idle  _ParseLevel
 0000:A2B7 idle  _ParseStatement
 0000:5AED idle  _pop
 0000:5AB5 idle  _pop2
 0000:5C99 idle  _popop
 0000:5C61 idle  _popop2
 0000:5E2C idle  _preced
 0000:5F45 idle  _precedGEQ
 0000:B6F6       _printf
 0000:691B idle  _promoteType
 0000:04F2 idle  _PurgeStringTable
 0000:5A76 idle  _push
 0000:5A2E idle  _push2
 0000:5C22 idle  _pushop
 0000:5BDA idle  _pushop2
 0000:8BD7 idle  _PushSyntax
 0000:8B8F idle  _PushSyntax2
 0000:C0BF idle  _putc
 0000:C0EB       _putchar
 0000:C479       _read
 0000:CD86 idle  _realloc
 0000:C06D idle  _remove
 0000:BD40 idle  _sbrk
 0000:B9D3       _setvbuf
 0000:1087 idle  _ShiftChar
 0000:1121 idle  _ShiftCharN
 0000:8F72 idle  _ShowDecl
 0000:6C20 idle  _simplifyConstExpr
 0CF0:2795 idle  _SizeOfChar
 0CF0:2799 idle  _SizeOfWord
 0000:113D idle  _SkipSpace
 0CF0:25F0 idle  _sp
 0CF0:2460 idle  _stack
 0000:5A86 idle  _stacktop
 0000:C548       _strcat
 0000:C581       _strchr
 0000:C5B7       _strcmp
 0000:C5E6       _strcpy
 0CF0:125A idle  _StringTable
 0CF0:145A idle  _StringTableLen
 0000:C60A       _strlen
 0000:8DBF idle  _SymType
 0CF0:27AB idle  _SyntaxStack
 0CF0:47AB idle  _SyntaxStackCnt
 0000:BA9F       _tell
 0000:BAF9 idle  _tmpnam
 0CF0:00AA idle  _TokenIdentName
 0CF0:00CA idle  _TokenIdentNameLen
 0000:8B16 idle  _TokenStartsDeclaration
 0CF0:014C idle  _TokenStringLen
 0CF0:00A8 idle  _TokenValueInt
 0CF0:00CC idle  _TokenValueString
 0000:C213       _ultoa
 0000:C624       _unlink
 0000:BB30       _write
 0000:1000 idle  __AHINCR
 0000:000C idle  __AHSHIFT
 0CF0:720E idle  __argc
 0CF0:7210 idle  __argv
 0CF0:6EBA       __atexitcnt
 0CF0:721C       __atexittbl
 0CF0:00A0 idle  __brklvl
 0CF0:0082       __C0argc
 0CF0:0084       __C0argv
 0CF0:0086 idle  __C0environ
 0000:BD50       __chmod
 0000:BD6B       __close
 0CF0:6EBC       __ctype
 0CF0:7144 idle  __doserrno
 0CF0:7146 idle  __dosErrorToSV
 0CF0:0088       __envLng
 0CF0:008A       __envseg
 0CF0:008C idle  __envSize
 0000:012E idle  __exit
 0CF0:6FBE       __exitbuf
 0000:010F       __exitclean
 0CF0:6FC0       __exitfopen
 0CF0:6FC2       __exitopen
 0000:BE6F       __fgetc
 0CF0:7208 idle  __first
 0CF0:712C       __fmode
 0000:B70D       __fputc
 0000:B838       __FPUTN
 0CF0:009C idle  __heapbase
 0CF0:7130       __heaplen
 0CF0:00A4 idle  __heaptop
 0CF0:0072 idle  __Int0Vector
 0CF0:0076 idle  __Int4Vector
 0CF0:007A idle  __Int5Vector
 0CF0:007E idle  __Int6Vector
 0000:BF5D       __IOERROR
 0CF0:720A idle  __last
 0000:C16F       __LONGTOA
 0000:BAB7       __MKNAME
 0000:0237 idle  __MMODEL
 0000:BE83 idle  __Nfgetc
 0CF0:712E       __notUmask
 0000:C42D       __open
 0CF0:7104       __openfd
 0CF0:0090       __osmajor
 0CF0:0091 idle  __osminor
 0CF0:008E       __psp
 0000:C52E       __read
 0000:CDD7       __REALCVT
 0CF0:721C       __RealCvtVector
 0000:01A8 idle  __restorezero
 0CF0:720C idle  __rover
 0CF0:721C idle  __ScanTodVector
 0000:0000  Abs  __setargv__
 0000:B96A       __setupio
 0CF0:0094 idle  __StartTime
 0CF0:7138       __stklen
 0CF0:6FC4       __streams
 0CF0:725E idle  __tmpnum
 0CF0:0090 idle  __version
 0000:C652       __VPRINTER
 0000:CB19       __write
 0000:BC23       __xfclose
 0000:BC44       __xfflush
 0000:BCE1       ___brk
 0CF0:009A       ___brklvl
 0CF0:0098 idle  ___heapbase
 0000:BD03       ___sbrk

  Address         Publics by Value

 0000:0000  Abs  __setargv__
 0000:000C idle  __AHSHIFT
 0000:1000 idle  __AHINCR
 0000:010F       __exitclean
 0000:012E idle  __exit
 0000:01A8 idle  __restorezero
 0000:0220       _abort
 0000:0235 idle  DGROUP@
 0000:0237 idle  __MMODEL
 0000:0239 idle  _FindMacro
 0000:02BA idle  _AddMacroIdent
 0000:0349 idle  _AddMacroExpansionChar
 0000:043D idle  _DumpMacroTable
 0000:04F2 idle  _PurgeStringTable
 0000:04FD idle  _AddString
 0000:0581 idle  _FindString
 0000:05F2 idle  _FindIdent
 0000:064E idle  _AddIdent
 0000:06F0 idle  _DumpIdentTable
 0000:0750 idle  _GetTokenByWord
 0000:0AA7 idle  _GetTokenName
 0000:0FE8 idle  _GetTokenValueInt
 0000:0FF2 idle  _GetTokenValueString
 0000:0FFC idle  _GetTokenValueStringLength
 0000:1006 idle  _GetTokenIdentName
 0000:1010 idle  _GetTokenFileName
 0000:101A idle  _GetTokenFileLineNo
 0000:1024 idle  _GetTokenFileLinePos
 0000:102E idle  _GetNextChar
 0000:1087 idle  _ShiftChar
 0000:1121 idle  _ShiftCharN
 0000:113D idle  _SkipSpace
 0000:134C idle  _GetIdent
 0000:14CD idle  _GetToken
 0000:2224 idle  _GenLabel
 0000:2249 idle  _GenExtern
 0000:2262 idle  _GenPrintLabel
 0000:2294 idle  _GenNumLabel
 0000:22A5 idle  _GenPrintNumLabel
 0000:22B6 idle  _GenZeroData
 0000:22C7 idle  _GenIntData
 0000:22F6 idle  _GenAddrData
 0000:2331 idle  _GenPrintInstr
 0000:2754 idle  _GenSelectByteOrWord
 0000:27F6 idle  _GenPrintOperand
 0000:29DC idle  _GenPrintOperandSeparator
 0000:29EA idle  _GenPrintNewLine
 0000:29F8 idle  _GenPrintInstrNoOperand
 0000:2A0B idle  _GenPrintInstr1Operand
 0000:2A2B idle  _GenPrintInstr2Operands
 0000:2A5A idle  _GenPrintInstr3Operands
 0000:2A98 idle  _GenExtendRegAIfNeeded
 0000:2AC8 idle  _GenJumpUncond
 0000:2ADC idle  _GenJumpIfNotEqual
 0000:2B03 idle  _GenJumpIfZero
 0000:2B32 idle  _GenJumpIfNotZero
 0000:2B61 idle  _GenFxnProlog
 0000:2B86 idle  _GenLocalAlloc
 0000:2B9E idle  _GenFxnEpilog
 0000:2BB3 idle  _GenReadIdent
 0000:2BDE idle  _GenReadLocal
 0000:2C09 idle  _GenReadIndirect
 0000:2C45 idle  _GenReadCRegIdent
 0000:2C96 idle  _GenReadCRegLocal
 0000:2CE7 idle  _GenReadCRegIndirect
 0000:2D47 idle  _GenIncDecIdent
 0000:2DA3 idle  _GenIncDecLocal
 0000:2DFF idle  _GenIncDecIndirect
 0000:2E6B idle  _GenPostIncDecIdent
 0000:2EC7 idle  _GenPostIncDecLocal
 0000:2F23 idle  _GenPostIncDecIndirect
 0000:2F8F idle  _GenPostAddSubIdent
 0000:2FF0 idle  _GenPostAddSubLocal
 0000:3051 idle  _GenPostAddSubIndirect
 0000:30C2 idle  _GetOperandInfo
 0000:32B9 idle  _GenFuse
 0000:3C53 idle  _GenGetBinaryOperatorInstr
 0000:3D86 idle  _GenExpr1
 0000:57EF idle  _GenStrData
 0000:5A1E idle  _GenExpr
 0000:5A2E idle  _push2
 0000:5A76 idle  _push
 0000:5A86 idle  _stacktop
 0000:5AB5 idle  _pop2
 0000:5AED idle  _pop
 0000:5B01 idle  _ins2
 0000:5B7F idle  _ins
 0000:5B92 idle  _del
 0000:5BDA idle  _pushop2
 0000:5C22 idle  _pushop
 0000:5C32 idle  _opstacktop
 0000:5C61 idle  _popop2
 0000:5C99 idle  _popop
 0000:5CAD idle  _isop
 0000:5DB3 idle  _isunary
 0000:5E2C idle  _preced
 0000:5F45 idle  _precedGEQ
 0000:5FC1 idle  _exprUnary
 0000:6574 idle  _expr
 0000:66DC idle  _decayArray
 0000:684C idle  _nonVoidTypeCheck
 0000:689D idle  _numericTypeCheck
 0000:691B idle  _promoteType
 0000:696B idle  _GetFxnInfo
 0000:6C20 idle  _simplifyConstExpr
 0000:6C9E idle  _exprval
 0000:86A8 idle  _ParseExpr
 0000:8AD6 idle  _error
 0000:8B16 idle  _TokenStartsDeclaration
 0000:8B8F idle  _PushSyntax2
 0000:8BD7 idle  _PushSyntax
 0000:8BE7 idle  _InsertSyntax2
 0000:8C65 idle  _InsertSyntax
 0000:8C78 idle  _DeleteSyntax
 0000:8CC0 idle  _FindSymbol
 0000:8DBF idle  _SymType
 0000:8E64 idle  _GetDeclSize
 0000:8F72 idle  _ShowDecl
 0000:930C idle  _DumpSynDecls
 0000:932D idle  _ParseArrayDimension
 0000:93DD idle  _ParseDerived
 0000:95EC idle  _ParseDecl
 0000:9CC8 idle  _ParseFxnParams
 0000:9F52 idle  _AddFxnParamSymbols
 0000:A2B7 idle  _ParseStatement
 0000:B0AD idle  _ParseBlock
 0000:B159       _main
 0000:B239       _access
 0000:B26E idle  _atexit
 0000:B292       _close
 0000:B2BE       _exit
 0000:B2E1       _fclose
 0000:B359       _fflush
 0000:B3DB       _flushall
 0000:B583       _fopen
 0000:B5A1 idle  _freopen
 0000:B5C3 idle  _fdopen
 0000:B653       _fseek
 0000:B6B5 idle  _ftell
 0000:B6F6       _printf
 0000:B70D       __fputc
 0000:B727 idle  _fputc
 0000:B824 idle  _fputchar
 0000:B838       __FPUTN
 0000:B96A       __setupio
 0000:B9D3       _setvbuf
 0000:BA9F       _tell
 0000:BAB7       __MKNAME
 0000:BAF9 idle  _tmpnam
 0000:BB30       _write
 0000:BC23       __xfclose
 0000:BC44       __xfflush
 0000:BC65 idle  _atol
 0000:BCD5       _atoi
 0000:BCE1       ___brk
 0000:BD03       ___sbrk
 0000:BD34 idle  _brk
 0000:BD40 idle  _sbrk
 0000:BD50       __chmod
 0000:BD6B       __close
 0000:BD89       _eof
 0000:BE6F       __fgetc
 0000:BE83       _fgetc
 0000:BE83 idle  __Nfgetc
 0000:BF2D idle  _fgetchar
 0000:BF36       _ioctl
 0000:BF5D       __IOERROR
 0000:BF9A       _isalnum
 0000:BFAA idle  _isascii
 0000:BFBD       _isalpha
 0000:BFCD idle  _iscntrl
 0000:BFDD       _isdigit
 0000:BFED idle  _isgraph
 0000:C005 idle  _islower
 0000:C015 idle  _isprint
 0000:C02D idle  _ispunct
 0000:C03D       _isspace
 0000:C04D idle  _isupper
 0000:C05D idle  _isxdigit
 0000:C06D idle  _remove
 0000:C079 idle  _getc
 0000:C09D idle  _getchar
 0000:C0BF idle  _putc
 0000:C0EB       _putchar
 0000:C119 idle  _feof
 0000:C127 idle  _ferror
 0000:C135       _isatty
 0000:C146       _lseek
 0000:C16F       __LONGTOA
 0000:C1EC idle  _itoa
 0000:C213       _ultoa
 0000:C22D idle  _ltoa
 0000:C252       _memcpy
 0000:C273 idle  _movmem
 0000:C2BE       _memmove
 0000:C300       _open
 0000:C42D       __open
 0000:C479       _read
 0000:C52E       __read
 0000:C548       _strcat
 0000:C581       _strchr
 0000:C5B7       _strcmp
 0000:C5E6       _strcpy
 0000:C60A       _strlen
 0000:C624       _unlink
 0000:C652       __VPRINTER
 0000:CB19       __write
 0000:CB60       _free
 0000:CC2F       _malloc
 0000:CD86 idle  _realloc
 0000:CDD7       __REALCVT
 0CF0:0000 idle  DATASEG@
 0CF0:0072 idle  __Int0Vector
 0CF0:0076 idle  __Int4Vector
 0CF0:007A idle  __Int5Vector
 0CF0:007E idle  __Int6Vector
 0CF0:0082       __C0argc
 0CF0:0084       __C0argv
 0CF0:0086 idle  __C0environ
 0CF0:0088       __envLng
 0CF0:008A       __envseg
 0CF0:008C idle  __envSize
 0CF0:008E       __psp
 0CF0:0090       __osmajor
 0CF0:0090 idle  __version
 0CF0:0091 idle  __osminor
 0CF0:0092       _errno
 0CF0:0094 idle  __StartTime
 0CF0:0098 idle  ___heapbase
 0CF0:009A       ___brklvl
 0CF0:009C idle  __heapbase
 0CF0:00A0 idle  __brklvl
 0CF0:00A4 idle  __heaptop
 0CF0:00A8 idle  _TokenValueInt
 0CF0:00AA idle  _TokenIdentName
 0CF0:00CA idle  _TokenIdentNameLen
 0CF0:00CC idle  _TokenValueString
 0CF0:014C idle  _TokenStringLen
 0CF0:014E idle  _LineNo
 0CF0:0150 idle  _LinePos
 0CF0:0152 idle  _CurFileName
 0CF0:0154 idle  _CurFile
 0CF0:0156 idle  _CharQueue
 0CF0:0256 idle  _CharQueueLen
 0CF0:0258 idle  _MacroTable
 0CF0:1258 idle  _MacroTableLen
 0CF0:125A idle  _StringTable
 0CF0:145A idle  _StringTableLen
 0CF0:145C idle  _IdentTable
 0CF0:245C idle  _IdentTableLen
 0CF0:245E idle  _ExprLevel
 0CF0:2460 idle  _stack
 0CF0:25F0 idle  _sp
 0CF0:25F2 idle  _opstack
 0CF0:2782 idle  _opsp
 0CF0:2784 idle  _OutputFormat
 0CF0:2786 idle  _FileHeader
 0CF0:2789 idle  _CodeHeader
 0CF0:278C idle  _CodeFooter
 0CF0:278F idle  _DataHeader
 0CF0:2792 idle  _DataFooter
 0CF0:2795 idle  _SizeOfChar
 0CF0:2797 idle  _CharIsSigned
 0CF0:2799 idle  _SizeOfWord
 0CF0:279B idle  _LabelCnt
 0CF0:279D idle  _CurFxnSyntaxPtr
 0CF0:279F idle  _CurFxnParamCnt
 0CF0:27A1 idle  _CurFxnParamOfs
 0CF0:27A3 idle  _CurFxnLocalOfs
 0CF0:27A5 idle  _CurFxnReturnExprTypeSynPtr
 0CF0:27A7 idle  _CurFxnEpilogLabel
 0CF0:27A9 idle  _ParseLevel
 0CF0:27AB idle  _SyntaxStack
 0CF0:47AB idle  _SyntaxStackCnt
 0CF0:6EBA       __atexitcnt
 0CF0:6EBC       __ctype
 0CF0:6FBE       __exitbuf
 0CF0:6FC0       __exitfopen
 0CF0:6FC2       __exitopen
 0CF0:6FC4       __streams
 0CF0:7104       __openfd
 0CF0:712C       __fmode
 0CF0:712E       __notUmask
 0CF0:7130       __heaplen
 0CF0:7138       __stklen
 0CF0:7144 idle  __doserrno
 0CF0:7146 idle  __dosErrorToSV
 0CF0:7208 idle  __first
 0CF0:720A idle  __last
 0CF0:720C idle  __rover
 0CF0:720E idle  __argc
 0CF0:7210 idle  __argv
 0CF0:721C idle  __ScanTodVector
 0CF0:721C       __RealCvtVector
 0CF0:721C       __atexittbl
 0CF0:725E idle  __tmpnum

Program entry point at 0000:0000

